
> ergopack-india@1.0.0 build
> next build

  Γû▓ Next.js 14.2.15

   Creating an optimized production build ...
> [PWA] Compile server
> [PWA] Compile server
> [PWA] Compile client (static)
> [PWA] Auto register service worker with: C:\Users\user\ergopack-india\node_modules\next-pwa\register.js
> [PWA] Service worker: C:\Users\user\ergopack-india\public\sw.js
> [PWA]   url: /sw.js
> [PWA]   scope: /
 Γ£ô Compiled successfully
   Linting and checking validity of types ...
node.exe : 
At line:1 char:1
+ & "C:\Program 
Files\nodejs/node.exe" "C:\User
s\user\AppData\Roaming\n ...
+ ~~~~~~~~~~~~~~~~~~~~~~~~~~~~~
~~~~~~~~~~~~~~~~~~~~~~~~~~~~~~~
~~~~~~~~~
    + CategoryInfo          :  
   NotSpecified: (:String) []  
  , RemoteException
    + FullyQualifiedErrorId :  
   NativeCommandError
 
Failed to compile.

./src/app/admin/blogs/page.tsx
25:6  Warning: React Hook 
useEffect has a missing 
dependency: 'fetchBlogs'. 
Either include it or remove 
the dependency array.  
react-hooks/exhaustive-deps

./src/app/admin/blogs/[id]/edit
/page.tsx
30:14  Warning: 'err' is 
defined but never used.  @types
cript-eslint/no-unused-vars

./src/app/admin/login/page.tsx
36:14  Warning: 'err' is 
defined but never used.  @types
cript-eslint/no-unused-vars

./src/app/admin/media/page.tsx
23:6  Warning: React Hook 
useEffect has a missing 
dependency: 'fetchMedia'. 
Either include it or remove 
the dependency array.  
react-hooks/exhaustive-deps
195:19  Warning: Using `<img>` 
could result in slower LCP and 
higher bandwidth. Consider 
using `<Image />` from 
`next/image` to automatically 
optimize images. This may 
incur additional usage or cost 
from your provider. See: https:
//nextjs.org/docs/messages/no-i
mg-element  
@next/next/no-img-element

./src/app/admin/requests/page.t
sx
22:6  Warning: React Hook 
useEffect has a missing 
dependency: 'fetchRequests'. 
Either include it or remove 
the dependency array.  
react-hooks/exhaustive-deps

./src/app/api/contact/route.ts
5:10  Warning: 
'ContactFormData' is defined 
but never used.  @typescript-es
lint/no-unused-vars

./src/app/api/stats/route.ts
10:27  Warning: 'request' is 
defined but never used. 
Allowed unused args must match 
/^_/u.  @typescript-eslint/no-u
nused-vars

./src/app/api/vitals/route.ts
31:27  Warning: 'request' is 
defined but never used. 
Allowed unused args must match 
/^_/u.  @typescript-eslint/no-u
nused-vars

./src/app/blog/BlogListing.tsx
27:6  Warning: React Hook 
useEffect has a missing 
dependency: 'fetchBlogs'. 
Either include it or remove 
the dependency array.  
react-hooks/exhaustive-deps
112:25  Warning: Using `<img>` 
could result in slower LCP and 
higher bandwidth. Consider 
using `<Image />` from 
`next/image` to automatically 
optimize images. This may 
incur additional usage or cost 
from your provider. See: https:
//nextjs.org/docs/messages/no-i
mg-element  
@next/next/no-img-element
215:25  Warning: Using `<img>` 
could result in slower LCP and 
higher bandwidth. Consider 
using `<Image />` from 
`next/image` to automatically 
optimize images. This may 
incur additional usage or cost 
from your provider. See: https:
//nextjs.org/docs/messages/no-i
mg-element  
@next/next/no-img-element

./src/app/blog/[slug]/BlogPost.
tsx
11:3  Warning: 'Share2' is 
defined but never used.  @types
cript-eslint/no-unused-vars
160:13  Warning: Using `<img>` 
could result in slower LCP and 
higher bandwidth. Consider 
using `<Image />` from 
`next/image` to automatically 
optimize images. This may 
incur additional usage or cost 
from your provider. See: https:
//nextjs.org/docs/messages/no-i
mg-element  
@next/next/no-img-element
302:25  Warning: Using `<img>` 
could result in slower LCP and 
higher bandwidth. Consider 
using `<Image />` from 
`next/image` to automatically 
optimize images. This may 
incur additional usage or cost 
from your provider. See: https:
//nextjs.org/docs/messages/no-i
mg-element  
@next/next/no-img-element

./src/app/compare/page.tsx
4:25  Warning: 
'COMPARISON_CONFIG' is defined 
but never used.  @typescript-es
lint/no-unused-vars

./src/app/industries/page.tsx
3:10  Warning: 'motion' is 
defined but never used.  @types
cript-eslint/no-unused-vars

./src/app/layout.tsx
13:10  Warning: 'LuxuryCursor' 
is defined but never used.  @ty
pescript-eslint/no-unused-vars
134:9  Warning: 
`rel="preconnect"` is missing 
from Google Font. See: https://
nextjs.org/docs/messages/google
-font-preconnect  @next/next/go
ogle-font-preconnect

./src/app/page.tsx
3:18  Warning: 'useScroll' is 
defined but never used.  @types
cript-eslint/no-unused-vars
3:29  Warning: 'useTransform' 
is defined but never used.  @ty
pescript-eslint/no-unused-vars
7:10  Warning: 
'MagneticButton' is defined 
but never used.  @typescript-es
lint/no-unused-vars
13:22  Warning: 'CheckCircle2' 
is defined but never used.  @ty
pescript-eslint/no-unused-vars
13:36  Warning: 'Sparkles' is 
defined but never used.  @types
cript-eslint/no-unused-vars
13:46  Warning: 'Zap' is 
defined but never used.  @types
cript-eslint/no-unused-vars
13:51  Warning: 'Shield' is 
defined but never used.  @types
cript-eslint/no-unused-vars
13:59  Warning: 'Award' is 
defined but never used.  @types
cript-eslint/no-unused-vars
13:66  Warning: 'Battery' is 
defined but never used.  @types
cript-eslint/no-unused-vars
14:8  Warning: 'productsData' 
is defined but never used.  @ty
pescript-eslint/no-unused-vars
18:10  Warning: 
'ProductLinesSection' is 
defined but never used.  @types
cript-eslint/no-unused-vars

./src/app/premium-features/page
.tsx
25:3  Warning: 'Palette' is 
defined but never used.  @types
cript-eslint/no-unused-vars

./src/app/products/compare-mach
ines/page.tsx
4:10  Warning: 'motion' is 
defined but never used.  @types
cript-eslint/no-unused-vars
6:10  Warning: 'Premium3DCard' 
is defined but never used.  @ty
pescript-eslint/no-unused-vars

./src/app/products/page.tsx
9:22  Warning: 'CheckCircle2' 
is defined but never used.  @ty
pescript-eslint/no-unused-vars
28:9  Warning: 'goLine' is 
assigned a value but never 
used.  @typescript-eslint/no-un
used-vars

./src/app/products/[slug]/page.
tsx
30:10  Warning: 'ThemeToggle' 
is defined but never used.  @ty
pescript-eslint/no-unused-vars
220:53  Error: React Hook 
"useComparison" is called 
conditionally. React Hooks 
must be called in the exact 
same order in every component 
render. Did you accidentally 
call a React Hook after an 
early return?  
react-hooks/rules-of-hooks

./src/app/products/[slug]/secti
ons/TrustSignalsSection.tsx
6:8  Warning: 'Image' is 
defined but never used.  @types
cript-eslint/no-unused-vars

./src/components/admin/BlogForm
.tsx
3:20  Warning: 'useEffect' is 
defined but never used.  @types
cript-eslint/no-unused-vars

./src/components/admin/BlogsTab
le.tsx
68:21  Warning: Using `<img>` 
could result in slower LCP and 
higher bandwidth. Consider 
using `<Image />` from 
`next/image` to automatically 
optimize images. This may 
incur additional usage or cost 
from your provider. See: https:
//nextjs.org/docs/messages/no-i
mg-element  
@next/next/no-img-element

./src/components/admin/Requests
Table.tsx
6:15  Warning: 'MoreVertical' 
is defined but never used.  @ty
pescript-eslint/no-unused-vars
8:56  Warning: 'ModalFooter' 
is defined but never used.  @ty
pescript-eslint/no-unused-vars

./src/components/Chatbot.tsx
6:8  Warning: 'Button' is 
defined but never used.  @types
cript-eslint/no-unused-vars

./src/components/comparison/Pro
ductSelector.tsx
21:50  Warning: 
'selectedProducts' is assigned 
a value but never used.  @types
cript-eslint/no-unused-vars

./src/components/elite/3d/Scene
3D.tsx
5:10  Warning: 'OrbitControls' 
is defined but never used.  @ty
pescript-eslint/no-unused-vars
5:25  Warning: 
'PerspectiveCamera' is defined 
but never used.  @typescript-es
lint/no-unused-vars
5:44  Warning: 'useGLTF' is 
defined but never used.  @types
cript-eslint/no-unused-vars
229:35  Warning: 
'containerRef' is defined but 
never used. Allowed unused 
args must match /^_/u.  @typesc
ript-eslint/no-unused-vars

./src/components/elite/sections
/AppleStyleProductShowcase.tsx
34:9  Warning: 'y' is assigned 
a value but never used.  @types
cript-eslint/no-unused-vars

./src/components/elite/sections
/ComparisonSection.tsx
6:10  Warning: 'X' is defined 
but never used.  @typescript-es
lint/no-unused-vars
6:20  Warning: 'ArrowRight' is 
defined but never used.  @types
cript-eslint/no-unused-vars

./src/components/elite/sections
/IntelligenceSection.tsx
4:29  Warning: 'useTransform' 
is defined but never used.  @ty
pescript-eslint/no-unused-vars
7:47  Warning: 'sectionNumber' 
is defined but never used. 
Allowed unused args must match 
/^_/u.  @typescript-eslint/no-u
nused-vars
9:11  Warning: 
'scrollYProgress' is assigned 
a value but never used.  @types
cript-eslint/no-unused-vars

./src/components/elite/sections
/VideoHeroSection.tsx
4:10  Warning: 'ArrowDown' is 
defined but never used.  @types
cript-eslint/no-unused-vars

./src/components/elite/shared/C
omparisonSlider.tsx
63:6  Warning: React Hook 
useEffect has missing 
dependencies: 
'handleMouseMove' and 
'handleTouchMove'. Either 
include them or remove the 
dependency array.  
react-hooks/exhaustive-deps

./src/components/elite/shared/G
litchText.tsx
3:27  Warning: 'useEffect' is 
defined but never used.  @types
cript-eslint/no-unused-vars

./src/components/elite/shared/S
ectionWrapper.tsx
23:3  Warning: 'sectionNumber' 
is defined but never used. 
Allowed unused args must match 
/^_/u.  @typescript-eslint/no-u
nused-vars

./src/components/elite/ui/Keybo
ardNavigation.tsx
23:13  Warning: 
'currentScroll' is assigned a 
value but never used.  @typescr
ipt-eslint/no-unused-vars

./src/components/elite/ui/Magne
ticCursor.tsx
3:38  Warning: 'useRef' is 
defined but never used.  @types
cript-eslint/no-unused-vars

./src/components/features/Enhan
cedChatbot.tsx
21:8  Warning: 'Button' is 
defined but never used.  @types
cript-eslint/no-unused-vars
140:10  Warning: 
'userPreferences' is assigned 
a value but never used.  @types
cript-eslint/no-unused-vars
140:27  Warning: 
'setUserPreferences' is 
assigned a value but never 
used.  @typescript-eslint/no-un
used-vars

./src/components/features/Produ
ctConfigurator3D.tsx
10:3  Warning: 'Html' is 
defined but never used.  @types
cript-eslint/no-unused-vars

./src/components/features/Quote
Builder.tsx
17:3  Warning: 'X' is defined 
but never used.  @typescript-es
lint/no-unused-vars

./src/components/features/ROICa
lculator.tsx
9:3  Warning: 'Truck' is 
defined but never used.  @types
cript-eslint/no-unused-vars
14:3  Warning: 'Share2' is 
defined but never used.  @types
cript-eslint/no-unused-vars
29:10  Warning: 'averageLoss' 
is assigned a value but never 
used.  @typescript-eslint/no-un
used-vars
76:6  Warning: React Hook 
useEffect has a missing 
dependency: 'calculateROI'. 
Either include it or remove 
the dependency array. Outer 
scope values like 
'averageLossPerFailure' aren't 
valid dependencies because 
mutating them doesn't 
re-render the component.  
react-hooks/exhaustive-deps

./src/components/features/Virtu
al360Showroom.tsx
4:28  Warning: 'useLoader' is 
defined but never used.  @types
cript-eslint/no-unused-vars
13:3  Warning: 'Zap' is 
defined but never used.  @types
cript-eslint/no-unused-vars
65:43  Warning: 'description' 
is defined but never used. 
Allowed unused args must match 
/^_/u.  @typescript-eslint/no-u
nused-vars
351:24  Error: 'ZoomIn' is not 
defined.  react/jsx-no-undef

./src/components/forms/ContactF
orm.tsx
13:10  Warning: 
'ContactFormData' is defined 
but never used.  @typescript-es
lint/no-unused-vars

./src/components/JsonLd.tsx
32:11  Warning: 
'ProductSchema' is defined but 
never used.  @typescript-eslint
/no-unused-vars

./src/components/layout/Premium
Navigation.tsx
16:45  Warning: 
'initialHidden' is assigned a 
value but never used. Allowed 
unused args must match /^_/u.  
@typescript-eslint/no-unused-va
rs
20:9  Warning: 'pathname' is 
assigned a value but never 
used.  @typescript-eslint/no-un
used-vars
38:9  Warning: 'borderColor' 
is assigned a value but never 
used.  @typescript-eslint/no-un
used-vars

./src/components/layout/ScrollH
eader.tsx
8:10  Warning: 
'isScrolledPast' is assigned a 
value but never used.  @typescr
ipt-eslint/no-unused-vars

./src/components/premium/Scroll
Reveal.tsx
3:21  Warning: 'useRef' is 
defined but never used.  @types
cript-eslint/no-unused-vars

./src/components/premium/StatCo
unter.tsx
3:31  Warning: 'useRef' is 
defined but never used.  @types
cript-eslint/no-unused-vars

./src/components/products/Featu
reShowcase.tsx
23:9  Warning: 'y' is assigned 
a value but never used.  @types
cript-eslint/no-unused-vars

./src/components/products/Produ
ctLinePage.tsx
3:17  Warning: 'useRef' is 
defined but never used.  @types
cript-eslint/no-unused-vars
4:18  Warning: 'useScroll' is 
defined but never used.  @types
cript-eslint/no-unused-vars
4:29  Warning: 'useTransform' 
is defined but never used.  @ty
pescript-eslint/no-unused-vars
6:8  Warning: 'Image' is 
defined but never used.  @types
cript-eslint/no-unused-vars

./src/components/products/Produ
ctNavigation.tsx
5:18  Warning: 
'AnimatePresence' is defined 
but never used.  @typescript-es
lint/no-unused-vars

./src/components/products/Produ
ctPageTemplate.tsx
9:8  Warning: 'Head' is 
defined but never used.  @types
cript-eslint/no-unused-vars
13:3  Warning: 'Zap' is 
defined but never used.  @types
cript-eslint/no-unused-vars
14:3  Warning: 'Shield' is 
defined but never used.  @types
cript-eslint/no-unused-vars
15:3  Warning: 'Gauge' is 
defined but never used.  @types
cript-eslint/no-unused-vars
18:3  Warning: 'Target' is 
defined but never used.  @types
cript-eslint/no-unused-vars
19:3  Warning: 'Settings' is 
defined but never used.  @types
cript-eslint/no-unused-vars
20:3  Warning: 'TrendingUp' is 
defined but never used.  @types
cript-eslint/no-unused-vars
23:3  Warning: 'Clock' is 
defined but never used.  @types
cript-eslint/no-unused-vars
107:9  Warning: 
'isEconomyLine' is assigned a 
value but never used.  @typescr
ipt-eslint/no-unused-vars
214:6  Warning: React Hook 
useEffect has a missing 
dependency: 
'generateProductSchema'. 
Either include it or remove 
the dependency array.  
react-hooks/exhaustive-deps

./src/components/products/Sugge
stedProducts.tsx
18:16  Warning: 'ArrowRight' 
is defined but never used.  @ty
pescript-eslint/no-unused-vars
20:8  Warning: 'Link' is 
defined but never used.  @types
cript-eslint/no-unused-vars

./src/components/three/ChainLan
ceAnimation.tsx
7:3  Warning: 
'PerspectiveCamera' is defined 
but never used.  @typescript-es
lint/no-unused-vars

./src/components/three/HeroScen
e.tsx
3:27  Warning: 'useEffect' is 
defined but never used.  @types
cript-eslint/no-unused-vars

./src/components/ui/Input.tsx
13:27  Error: React Hook 
"React.useId" is called 
conditionally. React Hooks 
must be called in the exact 
same order in every component 
render.  
react-hooks/rules-of-hooks

./src/components/ui/ParallaxPro
ductCard.tsx
3:25  Warning: 'useState' is 
defined but never used.  @types
cript-eslint/no-unused-vars

./src/components/ui/PremiumSpec
Table.tsx
40:39  Warning: 'itemIndex' is 
defined but never used. 
Allowed unused args must match 
/^_/u.  @typescript-eslint/no-u
nused-vars

./src/components/ui/Select.tsx
14:28  Error: React Hook 
"React.useId" is called 
conditionally. React Hooks 
must be called in the exact 
same order in every component 
render.  
react-hooks/rules-of-hooks

./src/components/ui/Textarea.ts
x
29:30  Error: React Hook 
"React.useId" is called 
conditionally. React Hooks 
must be called in the exact 
same order in every component 
render.  
react-hooks/rules-of-hooks

./src/components/ui/TextReveal.
tsx
21:15  Warning: 'i' is 
assigned a value but never 
used. Allowed unused args must 
match /^_/u.  @typescript-eslin
t/no-unused-vars

./src/components/WebVitals.tsx
60:16  Warning: 'e' is defined 
but never used.  @typescript-es
lint/no-unused-vars
80:16  Warning: 'e' is defined 
but never used.  @typescript-es
lint/no-unused-vars

./src/lib/comparison/comparison
-engine.ts
6:3  Warning: 'ComparisonData' 
is defined but never used.  @ty
pescript-eslint/no-unused-vars

./src/lib/data/machines.ts
44:7  Warning: 'getProduct' is 
assigned a value but never 
used.  @typescript-eslint/no-un
used-vars

./src/lib/hooks/useScrollAnimat
ion.ts
79:28  Warning: React Hook 
useEffect has a spread element 
in its dependency array. This 
means we can't statically 
verify whether you've passed 
the correct dependencies.  
react-hooks/exhaustive-deps

./src/scripts/populate-comparis
on.ts
34:10  Warning: 'parseValue' 
is defined but never used.  @ty
pescript-eslint/no-unused-vars

info  - Need to disable some 
ESLint rules? Learn more here: 
https://nextjs.org/docs/basic-f
eatures/eslint#disabling-rules
